
/home/runner/work/exp-discrete-continuous-variables-iiith/exp-discrete-continuous-variables-iiith/experiment/simulation/js/Poisson.js
   77:10   warning  'setPPoisson' is defined but never used        no-unused-vars
  129:10   warning  'runAllExperiments' is defined but never used  no-unused-vars
  181:168  warning  Unnecessary escape character: \(               no-useless-escape
  181:175  warning  Unnecessary escape character: \l               no-useless-escape
  181:182  warning  Unnecessary escape character: \)               no-useless-escape
  186:20   warning  'Chart' is not defined                         no-undef

/home/runner/work/exp-discrete-continuous-variables-iiith/exp-discrete-continuous-variables-iiith/experiment/simulation/js/bernoulli.js
  10:10  warning  'setPbernoulli' is defined but never used  no-unused-vars
  23:10  warning  'bernoulli' is defined but never used      no-unused-vars

/home/runner/work/exp-discrete-continuous-variables-iiith/exp-discrete-continuous-variables-iiith/experiment/simulation/js/binomial.js
   25:10  warning  'setPBinomial' is defined but never used  no-unused-vars
   36:10  warning  'tossAllCoins' is defined but never used  no-unused-vars
   95:32  warning  Unnecessary escape character: \(          no-useless-escape
   95:35  warning  Unnecessary escape character: \)          no-useless-escape
  103:9   warning  'MathJax' is not defined                  no-undef

/home/runner/work/exp-discrete-continuous-variables-iiith/exp-discrete-continuous-variables-iiith/experiment/simulation/js/cdf.js
    7:5   warning  'rv1' is assigned a value but never used        no-unused-vars
   13:10  warning  'generateRandom1' is defined but never used     no-unused-vars
   18:9   warning  'MathJax' is not defined                        no-undef
   26:10  warning  'checkInverseImage1' is defined but never used  no-unused-vars
   33:9   warning  'MathJax' is not defined                        no-undef
   50:10  warning  'checkCDF1' is defined but never used           no-unused-vars
   63:9   warning  'MathJax' is not defined                        no-undef
  116:9   warning  'MathJax' is not defined                        no-undef

/home/runner/work/exp-discrete-continuous-variables-iiith/exp-discrete-continuous-variables-iiith/experiment/simulation/js/cdf_properties.js
  32:10  warning  'sendresponse' is defined but never used  no-unused-vars
  45:10  warning  'checkanswer' is defined but never used   no-unused-vars

/home/runner/work/exp-discrete-continuous-variables-iiith/exp-discrete-continuous-variables-iiith/experiment/simulation/js/cdf_toPdmf.js
    8:1   warning  'Chart' is not defined                   no-undef
    9:1   warning  'Chart' is not defined                   no-undef
   72:10  warning  'generateCDF' is defined but never used  no-unused-vars
   86:10  warning  'rvType' is defined but never used       no-unused-vars
  112:10  warning  'pdf' is defined but never used          no-unused-vars
  136:10  warning  'pmf' is defined but never used          no-unused-vars
  188:24  warning  'Chart' is not defined                   no-undef
  204:25  warning  'Chart' is not defined                   no-undef

/home/runner/work/exp-discrete-continuous-variables-iiith/exp-discrete-continuous-variables-iiith/experiment/simulation/js/geometric.js
   16:10  warning  'setPGeometric' is defined but never used  no-unused-vars
   63:16  warning  'runTillHeads' is defined but never used   no-unused-vars
   67:11  warning  Unexpected constant condition              no-constant-condition
  128:32  warning  Unnecessary escape character: \(           no-useless-escape
  128:35  warning  Unnecessary escape character: \)           no-useless-escape
  136:9   warning  'MathJax' is not defined                   no-undef

✖ 37 problems (0 errors, 37 warnings)

